11:20:54  ============================================================
11:20:54  存量采集开始
11:20:54  ⏳ 等待 daily_build.py 退出（避免两个采集器撞同一出口 IP）…
11:30:55  ✓ daily_build 已退出（等了 10.0 分钟）
11:30:55  ▶ 其他领域·栏目探测　$ tools/discover_penalty_cols.py --group other --workers 5
11:31:08  ============================================================
11:31:08  存量采集开始
11:31:08  ▶ 其他领域·栏目探测　$ tools/discover_penalty_cols.py --group other --workers 5
11:31:38      [22/30] × 部-国家疾病预防控制局    no_column    候选栏目 0（最多 0 条详情）   
11:31:38      [23/30] × 部-国家体育总局       no_column    候选栏目 0（最多 0 条详情）   
11:31:38      [24/30] ✗ 部-国家文物局        unreachable  候选栏目 0（最多 0 条详情）   
11:31:38      [25/30] ✓ 部-国家外汇管理局      ok           候选栏目 1（最多 6 条详情）   
11:31:38      [26/30] × 部-国家统计局        no_column    候选栏目 0（最多 0 条详情）   
11:31:38      [27/30] × 部-国家档案局        no_column    候选栏目 0（最多 0 条详情）   
11:31:38      [28/30] ✗ 部-水利部          unreachable  候选栏目 0（最多 0 条详情）   
11:31:38      [29/30] ✗ 部-国家烟草专卖局      unreachable  候选栏目 0（最多 0 条详情）   
11:31:38      [30/30] ✗ 部-国家中医药管理局     unreachable  候选栏目 0（最多 0 条详情）   
11:31:38      ✓ 写出 /Users/luochen/WorkBuddy/Claw/lawdatify-site/sources/references/penalty_cols_probe.json
11:31:38      === 有候选栏目的机构 ===
11:31:38      【部-国家税务总局】https://www.chinatax.gov.cn/
11:31:38         ▸ 各省税务局2018年政府信息公开年度报告汇总展示  (33 条详情)  https://www.chinatax.gov.cn/chinatax/n810214/c102384r/c4179941/content.html
11:31:38             · 国家税务总局北京市税务局2018年政府信息公开年度报告
11:31:38             · 国家税务总局天津市税务局2018年政府信息公开年度报告
11:31:38         ▸ 各省税务局2021年政府信息公开年度报告汇总展示  (32 条详情)  https://www.chinatax.gov.cn/chinatax/n810214/c102384r/c5192259/content.html
11:31:38         ▸ 各省税务局2020年政府信息公开年度报告汇总展示  (32 条详情)  https://www.chinatax.gov.cn/chinatax/n810214/c102384r/c5192256/content.html
11:31:38      【部-国家外汇管理局】https://www.safe.gov.cn/
11:31:38         ▸ 专栏文章  (6 条详情)  https://www.safe.gov.cn/safe/zlwz/index.html
11:31:38             · 科技赋能深化跨境金融服务平台建设
11:31:38             · 强监管防风险有力有效维护外汇市场健康秩序
11:31:38      【部-国家邮政局】https://www.spb.gov.cn/
11:31:38         ▸ 政府信息公开  (1005 条详情)  https://www.spb.gov.cn/gjyzj/c100009/xxgk_index.shtml
11:31:38             · 国务院办公厅关于印发《政府信息公开信息处理费管理办法》的通知
11:31:38             · 中华人民共和国政府信息公开条例
11:31:38  ✓ 其他领域·栏目探测　退出码 0　30.3s
11:31:38  ▶ 市监·存量重刷　$ tools/harvest_local_amr.py --full --refresh --no-attach
