案例库 733 条，需重取 120 条
  … 25/120  修文本 22  重算 25  失败 0
  … 50/120  修文本 44  重算 50  失败 0
  … 75/120  修文本 69  重算 75  失败 0
  … 100/120  修文本 94  重算 100  失败 0

✓ 重取完成：修文本 114，重算事由/处罚 120，失败 0，仍带壳 6
✓ 本机全文缓存：176 条 → _qa/case_full.jsonl
✓ 全库仍带页面壳：0 / 733
--- 第 1 轮结束 ---
案例库 733 条，需重取 120 条
  … 25/120  修文本 22  重算 25  失败 0
  … 50/120  修文本 44  重算 50  失败 0
  … 75/120  修文本 69  重算 75  失败 0
  … 100/120  修文本 94  重算 100  失败 0

✓ 重取完成：修文本 114，重算事由/处罚 120，失败 0，仍带壳 6
✓ 本机全文缓存：176 条 → _qa/case_full.jsonl
✓ 全库仍带页面壳：0 / 733
--- 第 2 轮结束 ---
案例库 733 条，需重取 120 条
  … 25/120  修文本 22  重算 25  失败 0
  … 50/120  修文本 44  重算 50  失败 0
  … 75/120  修文本 69  重算 75  失败 0
  … 100/120  修文本 94  重算 100  失败 0

✓ 重取完成：修文本 114，重算事由/处罚 120，失败 0，仍带壳 6
✓ 本机全文缓存：176 条 → _qa/case_full.jsonl
✓ 全库仍带页面壳：0 / 733
--- 第 3 轮结束 ---
案例库 733 条，需重取 120 条
  … 25/120  修文本 22  重算 25  失败 0
  … 50/120  修文本 44  重算 50  失败 0
  … 75/120  修文本 69  重算 75  失败 0
  … 100/120  修文本 94  重算 100  失败 0
